[debug] [2025-07-18T15:06:59.947Z] ----------------------------------------------------------------------
[debug] [2025-07-18T15:06:59.954Z] Command:       /opt/homebrew/Cellar/node/23.11.0/bin/node /opt/homebrew/bin/firebase deploy --only hosting --debug
[debug] [2025-07-18T15:06:59.954Z] CLI Version:   14.11.0
[debug] [2025-07-18T15:06:59.955Z] Platform:      darwin
[debug] [2025-07-18T15:06:59.955Z] Node Version:  v23.11.0
[debug] [2025-07-18T15:06:59.955Z] Time:          Fri Jul 18 2025 20:36:59 GMT+0530 (India Standard Time)
[debug] [2025-07-18T15:06:59.955Z] ----------------------------------------------------------------------
[debug] 
[debug] [2025-07-18T15:07:00.046Z] > command requires scopes: ["email","openid","https://www.googleapis.com/auth/cloudplatformprojects.readonly","https://www.googleapis.com/auth/firebase","https://www.googleapis.com/auth/cloud-platform"]
[debug] [2025-07-18T15:07:00.047Z] > authorizing via signed-in user (humbhidetectkarlenge@gmail.com)
[debug] [2025-07-18T15:07:00.047Z] [iam] checking project hum-bhi-detect-karlenge for permissions ["firebase.projects.get","firebasehosting.sites.update"]
[debug] [2025-07-18T15:07:00.047Z] Checked if tokens are valid: true, expires at: 1752852313506
[debug] [2025-07-18T15:07:00.048Z] Checked if tokens are valid: true, expires at: 1752852313506
[debug] [2025-07-18T15:07:00.048Z] >>> [apiv2][query] POST https://cloudresourcemanager.googleapis.com/v1/projects/hum-bhi-detect-karlenge:testIamPermissions [none]
[debug] [2025-07-18T15:07:00.048Z] >>> [apiv2][(partial)header] POST https://cloudresourcemanager.googleapis.com/v1/projects/hum-bhi-detect-karlenge:testIamPermissions x-goog-quota-user=projects/hum-bhi-detect-karlenge
[debug] [2025-07-18T15:07:00.048Z] >>> [apiv2][body] POST https://cloudresourcemanager.googleapis.com/v1/projects/hum-bhi-detect-karlenge:testIamPermissions {"permissions":["firebase.projects.get","firebasehosting.sites.update"]}
[debug] [2025-07-18T15:07:01.414Z] <<< [apiv2][status] POST https://cloudresourcemanager.googleapis.com/v1/projects/hum-bhi-detect-karlenge:testIamPermissions 200
[debug] [2025-07-18T15:07:01.414Z] <<< [apiv2][body] POST https://cloudresourcemanager.googleapis.com/v1/projects/hum-bhi-detect-karlenge:testIamPermissions {"permissions":["firebase.projects.get","firebasehosting.sites.update"]}
[debug] [2025-07-18T15:07:01.415Z] Checked if tokens are valid: true, expires at: 1752852313506
[debug] [2025-07-18T15:07:01.415Z] Checked if tokens are valid: true, expires at: 1752852313506
[debug] [2025-07-18T15:07:01.415Z] >>> [apiv2][query] GET https://firebase.googleapis.com/v1beta1/projects/hum-bhi-detect-karlenge [none]
[debug] [2025-07-18T15:07:01.879Z] <<< [apiv2][status] GET https://firebase.googleapis.com/v1beta1/projects/hum-bhi-detect-karlenge 200
[debug] [2025-07-18T15:07:01.880Z] <<< [apiv2][body] GET https://firebase.googleapis.com/v1beta1/projects/hum-bhi-detect-karlenge {"projectId":"hum-bhi-detect-karlenge","projectNumber":"863231913183","displayName":"Hum bhi detect karlenge","name":"projects/hum-bhi-detect-karlenge","resources":{"hostingSite":"hum-bhi-detect-karlenge","realtimeDatabaseInstance":"hum-bhi-detect-karlenge-default-rtdb"},"state":"ACTIVE","etag":"1_3bc0765c-9e01-4b57-ab68-041a2a4cd492"}
[info] 
[info] === Deploying to 'hum-bhi-detect-karlenge'...
[info] 
[info] i  deploying hosting 
[debug] [2025-07-18T15:07:01.884Z] Checked if tokens are valid: true, expires at: 1752852313506
[debug] [2025-07-18T15:07:01.884Z] Checked if tokens are valid: true, expires at: 1752852313506
[debug] [2025-07-18T15:07:01.884Z] >>> [apiv2][query] POST https://firebasehosting.googleapis.com/v1beta1/projects/-/sites/hum-bhi-detect-karlenge/versions [none]
[debug] [2025-07-18T15:07:01.884Z] >>> [apiv2][body] POST https://firebasehosting.googleapis.com/v1beta1/projects/-/sites/hum-bhi-detect-karlenge/versions {"status":"CREATED","labels":{"deployment-tool":"cli-firebase"}}
[debug] [2025-07-18T15:07:03.416Z] <<< [apiv2][status] POST https://firebasehosting.googleapis.com/v1beta1/projects/-/sites/hum-bhi-detect-karlenge/versions 200
[debug] [2025-07-18T15:07:03.416Z] <<< [apiv2][body] POST https://firebasehosting.googleapis.com/v1beta1/projects/-/sites/hum-bhi-detect-karlenge/versions {"name":"projects/863231913183/sites/hum-bhi-detect-karlenge/versions/7b43a721b19255bf","status":"CREATED","config":{},"labels":{"deployment-tool":"cli-firebase"}}
[info] i  hosting[hum-bhi-detect-karlenge]: beginning deploy... 
[info] i  hosting[hum-bhi-detect-karlenge]: found 33 files in out 
[debug] [2025-07-18T15:07:03.441Z] [hosting] uploading with 200 concurrency
[debug] [2025-07-18T15:07:03.444Z] Checked if tokens are valid: true, expires at: 1752852313506
[debug] [2025-07-18T15:07:03.444Z] Checked if tokens are valid: true, expires at: 1752852313506
[debug] [2025-07-18T15:07:03.445Z] [hosting] hash cache [b3V0] stored for 33 files
[debug] [2025-07-18T15:07:03.445Z] [hosting][hash queue][FINAL] {"max":2,"min":1,"avg":1,"active":0,"complete":33,"success":33,"errored":0,"retried":0,"total":33,"elapsed":3}
[debug] [2025-07-18T15:07:03.445Z] >>> [apiv2][query] POST https://firebasehosting.googleapis.com/v1beta1/projects/863231913183/sites/hum-bhi-detect-karlenge/versions/7b43a721b19255bf:populateFiles [none]
[debug] [2025-07-18T15:07:03.445Z] >>> [apiv2][body] POST https://firebasehosting.googleapis.com/v1beta1/projects/863231913183/sites/hum-bhi-detect-karlenge/versions/7b43a721b19255bf:populateFiles {"files":{"/window.svg":"11deaca6eadbb148caace8a5fe4a67353112de0afc5da83005d4797e403ab4f1","/vercel.svg":"9a61e768442ba3450026d0d69421315044931cbffaf8f6019f856ea82dd91e4e","/next.svg":"33c5c6ad1d08bb69d8026289530e377b4d6e2a96f24562e209fd1e1e9ccee64a","/index.txt":"2ee1f920ee2a5d14dba9901cb0a141be21570675d1e8057900b3fd678e25c86b","/index.html":"d5ebffb522b48198ca0a07e8362a6f90ad35336ecc01a9e993a39db85a8abecc","/globe.svg":"ffe166407c928caa4d1640e2786d3385468043b3b9e6ea2282d4a3e370b3bc23","/file.svg":"154a8c2948836a88c695a789045bc44cc74c3d8958d5785a531d26324bc42cb1","/404.html":"cc1efe1a3c3fc4beb367601687a0d9ad6cc6fc446af508c47b263f1de3ffb4e0","/dashboard/index.txt":"cb07a4abcb50250cc6b16aa91c80a40767cc7bf26af3df4f9c9b20e2d43af33f","/dashboard/index.html":"703ee55eaae30a9f0bcb10f4bd2f0a99428faeee0a8eb8f2e848bc5581992214","/_next/static/r9p6LD83QGMUp9eWWHeK3/_ssgManifest.js":"02dbc1aeab6ef0a6ff2ff9a1643158cf9bb38929945eaa343a3627dee9ba6778","/_next/static/r9p6LD83QGMUp9eWWHeK3/_buildManifest.js":"dc0192cd7c2f2381a324c1e995214ca082d1f5f06098ddc44bf207d2772f120a","/_next/static/chunks/webpack-30b9dd9193356b11.js":"6860cf3629c053634c2d5e461418a85a73b922dede79d0a47fc802547a6c9af7","/_next/static/chunks/polyfills-42372ed130431b0a.js":"bea630d9824beca22855271c757404b58bb7b410c52a5e7d58d69ff26d9ddd0b","/_next/static/chunks/main-app-db6efbaf1d8b7aa1.js":"30a5e9adabc8bcb9607c27309bf4e404f5ff9c37a0421f97b6a2d6b51748c326","/_next/static/chunks/main-a7146c3ac3b7508d.js":"ba52860c0b6a6c3eb51e6e5b6234099dcf8fa37647d33766bff0fc7432ccbae1","/_next/static/chunks/framework-7c95b8e5103c9e90.js":"d8aeac4c2027165aca3d3209873aff0aa2a34e92e051b7a593901348a89fa8f3","/_next/static/chunks/bc9e92e6-bb41bbe59b0dd472.js":"bd648006b4acf38b57610ba16ee1b6fbb39612f8aee6659608eb1a5fe352374e","/_next/static/chunks/ae6eea6a-bcb119f5215c997e.js":"023fc7970ac6bbacae8b8aa6e0d93995de93a655533aff5f4e944de03a5576f7","/_next/static/chunks/964-1c77a3846bb96230.js":"edc3a2ee7cc8abb22e732827d99510e801bb9a6344d76d71bf99b1c773cf62f5","/_next/static/chunks/602-63e4e1f269a67345.js":"cbba0d8bc10a450d823ef45c74453c2520fb9d51046ef6e0505970fd98992d1e","/_next/static/chunks/4bd1b696-cf72ae8a39fa05aa.js":"b24b723468c2798e7380b40940c626d3e15fb649673c80f877ad83a072537c5d","/_next/static/chunks/464-6b45e71663037cf8.js":"830a53a598dda2beffa223ef86b846b6f81e4410c7c2f4cdaee5d1fc409af1e3","/_next/static/chunks/430-0876b3c8da809aac.js":"d87a274abebfb1c9e9b48eac69dc7369b2651de4f222039a76680389b923e10f","/_next/static/chunks/428-8e240a68c284a49e.js":"540a629fdf8aad3ade0628761c757eb89f507645292b7efc61b023eb609c4c35","/_next/static/chunks/318-ef503f02eb689993.js":"879908727951837cc0f08546c2e9c200abb817d9750aabf128e677d88969d55b","/_next/static/chunks/pages/_error-03529f2c21436739.js":"77a6a531981e16197fa48c681e54db83399f44717e17830e8f16f6ac48e94eb1","/_next/static/chunks/pages/_app-0a0020ddd67f79cf.js":"0cc691b3564f0d92076502fb7d4516e9de5df3742d4da971369ff3adb31ba4b5","/_next/static/chunks/app/page-0c05187c29d5c454.js":"703c96bf0d25fd2d4f27e40b760af450b90cdcc4155322d93bbd197454fcb72c","/_next/static/chunks/app/layout-1f4f7a5892394072.js":"fcfc4a54f36491fb7ef5b3eba3bfcabfbbff2d627bc734eb4335e9441fa9a82c","/_next/static/chunks/app/dashboard/page-e91093477a466407.js":"c145a79f308fdb86555b23e76cfe17d1c6311bdf8dda95de8352b44131e252ff","/_next/static/chunks/app/_not-found/page-b515f5b00723bbbc.js":"6af868f9fbcecc7339404fda87353fdb5afcf2b4e3f0d0a560b483b24b950122","/404/index.html":"cc1efe1a3c3fc4beb367601687a0d9ad6cc6fc446af508c47b263f1de3ffb4e0"}}
[debug] [2025-07-18T15:07:04.011Z] <<< [apiv2][status] POST https://firebasehosting.googleapis.com/v1beta1/projects/863231913183/sites/hum-bhi-detect-karlenge/versions/7b43a721b19255bf:populateFiles 200
[debug] [2025-07-18T15:07:04.011Z] <<< [apiv2][body] POST https://firebasehosting.googleapis.com/v1beta1/projects/863231913183/sites/hum-bhi-detect-karlenge/versions/7b43a721b19255bf:populateFiles {"uploadUrl":"https://upload-firebasehosting.googleapis.com/upload/sites/hum-bhi-detect-karlenge/versions/7b43a721b19255bf/files"}
[debug] [2025-07-18T15:07:04.011Z] [hosting][populate queue][FINAL] {"max":567,"min":567,"avg":567,"active":0,"complete":1,"success":1,"errored":0,"retried":0,"total":1,"elapsed":567}
[debug] [2025-07-18T15:07:04.012Z] [hosting] uploads queued: 0
[debug] [2025-07-18T15:07:04.012Z] [hosting][upload queue][FINAL] {"max":0,"min":9999999999,"avg":0,"active":0,"complete":0,"success":0,"errored":0,"retried":0,"total":0,"elapsed":1752851224012}
[info] i  hosting: upload complete 
[info] ✔  hosting[hum-bhi-detect-karlenge]: file upload complete 
[debug] [2025-07-18T15:07:04.012Z] [hosting] deploy completed after 592ms
[debug] [2025-07-18T15:07:04.012Z] [
  {
    "config": {
      "public": "out",
      "ignore": [
        "firebase.json",
        "**/.*",
        "**/node_modules/**"
      ],
      "site": "hum-bhi-detect-karlenge"
    },
    "version": "projects/863231913183/sites/hum-bhi-detect-karlenge/versions/7b43a721b19255bf"
  }
]
[info] i  hosting[hum-bhi-detect-karlenge]: finalizing version... 
[debug] [2025-07-18T15:07:04.013Z] Checked if tokens are valid: true, expires at: 1752852313506
[debug] [2025-07-18T15:07:04.014Z] Checked if tokens are valid: true, expires at: 1752852313506
[debug] [2025-07-18T15:07:04.014Z] >>> [apiv2][query] PATCH https://firebasehosting.googleapis.com/v1beta1/projects/-/sites/hum-bhi-detect-karlenge/versions/7b43a721b19255bf updateMask=status%2Cconfig
[debug] [2025-07-18T15:07:04.014Z] >>> [apiv2][body] PATCH https://firebasehosting.googleapis.com/v1beta1/projects/-/sites/hum-bhi-detect-karlenge/versions/7b43a721b19255bf {"status":"FINALIZED","config":{}}
[debug] [2025-07-18T15:07:04.681Z] <<< [apiv2][status] PATCH https://firebasehosting.googleapis.com/v1beta1/projects/-/sites/hum-bhi-detect-karlenge/versions/7b43a721b19255bf 200
[debug] [2025-07-18T15:07:04.681Z] <<< [apiv2][body] PATCH https://firebasehosting.googleapis.com/v1beta1/projects/-/sites/hum-bhi-detect-karlenge/versions/7b43a721b19255bf {"name":"projects/863231913183/sites/hum-bhi-detect-karlenge/versions/7b43a721b19255bf","status":"FINALIZED","config":{},"labels":{"deployment-tool":"cli-firebase"},"createTime":"2025-07-18T15:07:02.886199Z","createUser":{"email":"humbhidetectkarlenge@gmail.com"},"finalizeTime":"2025-07-18T15:07:04.612644Z","finalizeUser":{"email":"humbhidetectkarlenge@gmail.com"}}
[debug] [2025-07-18T15:07:04.681Z] [hosting] finalized version for hum-bhi-detect-karlenge:[object Object]
[info] ✔  hosting[hum-bhi-detect-karlenge]: version finalized 
[info] i  hosting[hum-bhi-detect-karlenge]: releasing new version... 
[debug] [2025-07-18T15:07:04.682Z] Checked if tokens are valid: true, expires at: 1752852313506
[debug] [2025-07-18T15:07:04.682Z] Checked if tokens are valid: true, expires at: 1752852313506
[debug] [2025-07-18T15:07:04.682Z] >>> [apiv2][query] POST https://firebasehosting.googleapis.com/v1beta1/projects/-/sites/hum-bhi-detect-karlenge/channels/live/releases versionName=projects%2F863231913183%2Fsites%2Fhum-bhi-detect-karlenge%2Fversions%2F7b43a721b19255bf
[debug] [2025-07-18T15:07:04.682Z] >>> [apiv2][body] POST https://firebasehosting.googleapis.com/v1beta1/projects/-/sites/hum-bhi-detect-karlenge/channels/live/releases {}
[debug] [2025-07-18T15:07:05.462Z] <<< [apiv2][status] POST https://firebasehosting.googleapis.com/v1beta1/projects/-/sites/hum-bhi-detect-karlenge/channels/live/releases 200
